03/06 14:19:05.728884 140237165006784 INFO  QID:0x100000000000000 mod:taos_explorer, explorer version: 1.10.0
03/06 14:19:05.730347 140237165006784 INFO  QID:0x100000000000000 mod:taos_explorer, commit id: b66519249f7e5e2d5316db160cb0b13e21642829
03/06 14:19:05.731064 140237165006784 INFO  QID:0x100000000000000 mod:taos_explorer, build time: 2025-06-28 22:58:30 +08:00
03/06 14:19:05.731851 140237165006784 INFO  QID:0x100000000000000 mod:taos_explorer, global config
=======================================================================
                  cors                  true
                  cluster               "http://localhost:6041"
                  log                   {"compress":false,"keepDays":30,"level":"INFO","path":"/var/log/taos","reservedDiskSize":"1GB","rotationCount":30,"rotationSize":"1GB"}
                  addr                  "0.0.0.0"
                  instanceId            1
                  log_level             "INFO"
                  port                  6060
                  ssl                   {"certificate":null,"certificate_key":null}
                  x_api                 "http://localhost:6050"
                  grpc                  "http://localhost:6055"
                  cfg_path              "/etc/taos"
                  data_dir              "/var/lib/taos/explorer"
                  grafana               {"dashboards":{}}
=======================================================================
03/06 14:19:05.733366 140237165006784 INFO  QID:0x100000000000000 mod:taos_explorer, Starting server at 0.0.0.0:6060
03/06 14:19:05.734384 140237165006784 INFO  QID:0x100000000000000 mod:actix_server::builder, starting 16 workers
03/06 14:19:05.735047 140237165006784 INFO  QID:0x100000000000000 mod:actix_server::server, Actix runtime found; starting in Actix runtime
03/06 14:19:05.735931 140237165006784 INFO  QID:0x100000000000000 mod:actix_server::server, starting service: "actix-web-service-0.0.0.0:6060", workers: 16, listening on: 0.0.0.0:6060
