03/08 11:44:38.028186 140633474666432 INFO  QID:0x100000000000000 mod:taos_explorer, explorer version: 1.10.0
03/08 11:44:38.028654 140633474666432 INFO  QID:0x100000000000000 mod:taos_explorer, commit id: b66519249f7e5e2d5316db160cb0b13e21642829
03/08 11:44:38.029041 140633474666432 INFO  QID:0x100000000000000 mod:taos_explorer, build time: 2025-06-28 22:58:30 +08:00
03/08 11:44:38.029430 140633474666432 INFO  QID:0x100000000000000 mod:taos_explorer, global config
=======================================================================
                  cfg_path              "/etc/taos"
                  log_level             "INFO"
                  instanceId            1
                  port                  6060
                  grpc                  "http://localhost:6055"
                  log                   {"compress":false,"keepDays":30,"level":"INFO","path":"/var/log/taos","reservedDiskSize":"1GB","rotationCount":30,"rotationSize":"1GB"}
                  data_dir              "/var/lib/taos/explorer"
                  cluster               "http://localhost:6041"
                  addr                  "0.0.0.0"
                  cors                  true
                  ssl                   {"certificate":null,"certificate_key":null}
                  x_api                 "http://localhost:6050"
                  grafana               {"dashboards":{}}
=======================================================================
03/08 11:44:38.030706 140633474666432 INFO  QID:0x100000000000000 mod:taos_explorer, Starting server at 0.0.0.0:6060
03/08 11:44:38.031387 140633474666432 INFO  QID:0x100000000000000 mod:actix_server::builder, starting 16 workers
03/08 11:44:38.031837 140633474666432 INFO  QID:0x100000000000000 mod:actix_server::server, Actix runtime found; starting in Actix runtime
03/08 11:44:38.032365 140633474666432 INFO  QID:0x100000000000000 mod:actix_server::server, starting service: "actix-web-service-0.0.0.0:6060", workers: 16, listening on: 0.0.0.0:6060
